Archive member included because of file (symbol)

D:/Freescale/CW MCU v10.7/MCU/ARM_GCC_Support/ewl/lib/armv6-m\libc.a(exit.o)
                              ./Project_Settings/Startup_Code/__arm_start.o (exit)
D:/Freescale/CW MCU v10.7/MCU/ARM_GCC_Support/ewl/lib/armv6-m\libc.a(memset.o)
                              ./Project_Settings/Startup_Code/__arm_start.o (memset)
D:/Freescale/CW MCU v10.7/MCU/ARM_GCC_Support/ewl/lib/armv6-m\libc.a(__filll_mem.o)
                              D:/Freescale/CW MCU v10.7/MCU/ARM_GCC_Support/ewl/lib/armv6-m\libc.a(memset.o) (__fill_mem)
D:/Freescale/CW MCU v10.7/MCU/ARM_GCC_Support/ewl/lib/armv6-m\libc.a(printformat_.o)
                              (__pformatter_)
D:/Freescale/CW MCU v10.7/MCU/ARM_GCC_Support/ewl/lib/armv6-m\libc.a(scanformat_.o)
                              (__sformatter)
D:/Freescale/CW MCU v10.7/MCU/ARM_GCC_Support/ewl/lib/armv6-m\libc.a(ctype_aeabi.o)
                              D:/Freescale/CW MCU v10.7/MCU/ARM_GCC_Support/ewl/lib/armv6-m\libc.a(scanformat_.o) (isspace)
D:/Freescale/CW MCU v10.7/MCU/ARM_GCC_Support/ewl/lib/armv6-m\libc.a(__strtoul.o)
                              D:/Freescale/CW MCU v10.7/MCU/ARM_GCC_Support/ewl/lib/armv6-m\libc.a(scanformat_.o) (__strtoul)
D:/Freescale/CW MCU v10.7/MCU/ARM_GCC_Support/ewl/lib/armv6-m\libc.a(strchr.o)
                              D:/Freescale/CW MCU v10.7/MCU/ARM_GCC_Support/ewl/lib/armv6-m\libc.a(printformat_.o) (strchr)
D:/Freescale/CW MCU v10.7/MCU/ARM_GCC_Support/ewl/lib/armv6-m\libc.a(memcpy.o)
                              D:/Freescale/CW MCU v10.7/MCU/ARM_GCC_Support/ewl/lib/armv6-m\libc.a(scanformat_.o) (memcpy)
D:/Freescale/CW MCU v10.7/MCU/ARM_GCC_Support/ewl/lib/armv6-m\libc.a(strlen.o)
                              D:/Freescale/CW MCU v10.7/MCU/ARM_GCC_Support/ewl/lib/armv6-m\libc.a(printformat_.o) (strlen)
D:/Freescale/CW MCU v10.7/MCU/ARM_GCC_Support/ewl/lib/armv6-m\libc.a(memchr.o)
                              D:/Freescale/CW MCU v10.7/MCU/ARM_GCC_Support/ewl/lib/armv6-m\libc.a(printformat_.o) (memchr)
D:/Freescale/CW MCU v10.7/MCU/ARM_GCC_Support/ewl/lib/armv6-m\libm.a(s_cos.o)
                              ./Sources/adc.o (cos)
D:/Freescale/CW MCU v10.7/MCU/ARM_GCC_Support/ewl/lib/armv6-m\libm.a(s_sin.o)
                              ./Sources/adc.o (sin)
D:/Freescale/CW MCU v10.7/MCU/ARM_GCC_Support/ewl/lib/armv6-m\libm.a(e_rem_pio2.o)
                              D:/Freescale/CW MCU v10.7/MCU/ARM_GCC_Support/ewl/lib/armv6-m\libm.a(s_cos.o) (__ieee754_rem_pio2)
D:/Freescale/CW MCU v10.7/MCU/ARM_GCC_Support/ewl/lib/armv6-m\libm.a(fmax.o)
                              ./Sources/pit.o (fmax)
D:/Freescale/CW MCU v10.7/MCU/ARM_GCC_Support/ewl/lib/armv6-m\libm.a(k_sin.o)
                              D:/Freescale/CW MCU v10.7/MCU/ARM_GCC_Support/ewl/lib/armv6-m\libm.a(s_cos.o) (__kernel_sin)
D:/Freescale/CW MCU v10.7/MCU/ARM_GCC_Support/ewl/lib/armv6-m\libm.a(math_api.o)
                              D:/Freescale/CW MCU v10.7/MCU/ARM_GCC_Support/ewl/lib/armv6-m\libm.a(fmax.o) (__fpclassifyd)
D:/Freescale/CW MCU v10.7/MCU/ARM_GCC_Support/ewl/lib/armv6-m\libm.a(k_rem_pio2.o)
                              D:/Freescale/CW MCU v10.7/MCU/ARM_GCC_Support/ewl/lib/armv6-m\libm.a(e_rem_pio2.o) (__kernel_rem_pio2)
D:/Freescale/CW MCU v10.7/MCU/ARM_GCC_Support/ewl/lib/armv6-m\libm.a(k_cos.o)
                              D:/Freescale/CW MCU v10.7/MCU/ARM_GCC_Support/ewl/lib/armv6-m\libm.a(s_cos.o) (__kernel_cos)
D:/Freescale/CW MCU v10.7/MCU/ARM_GCC_Support/ewl/lib/armv6-m\libm.a(s_floor.o)
                              D:/Freescale/CW MCU v10.7/MCU/ARM_GCC_Support/ewl/lib/armv6-m\libm.a(k_rem_pio2.o) (floor)
D:/Freescale/CW MCU v10.7/MCU/ARM_GCC_Support/ewl/lib/armv6-m\libm.a(scalbn.o)
                              D:/Freescale/CW MCU v10.7/MCU/ARM_GCC_Support/ewl/lib/armv6-m\libm.a(k_rem_pio2.o) (scalbn)
D:/Freescale/CW MCU v10.7/MCU/ARM_GCC_Support/ewl/lib/armv6-m\libm.a(s_frexp.o)
                              D:/Freescale/CW MCU v10.7/MCU/ARM_GCC_Support/ewl/lib/armv6-m\libm.a(scalbn.o) (frexp)
D:/Freescale/CW MCU v10.7/MCU/ARM_GCC_Support/ewl/lib/armv6-m\libm.a(s_ldexp.o)
                              D:/Freescale/CW MCU v10.7/MCU/ARM_GCC_Support/ewl/lib/armv6-m\libm.a(scalbn.o) (ldexp)
d:/freescale/cw mcu v10.7/cross_tools/arm-none-eabi-gcc-4_7_3/bin/../lib/gcc/arm-none-eabi/4.7.3/armv6-m\libgcc.a(_thumb1_case_sqi.o)
                              D:/Freescale/CW MCU v10.7/MCU/ARM_GCC_Support/ewl/lib/armv6-m\libc.a(__strtoul.o) (__gnu_thumb1_case_sqi)
d:/freescale/cw mcu v10.7/cross_tools/arm-none-eabi-gcc-4_7_3/bin/../lib/gcc/arm-none-eabi/4.7.3/armv6-m\libgcc.a(_thumb1_case_uqi.o)
                              D:/Freescale/CW MCU v10.7/MCU/ARM_GCC_Support/ewl/lib/armv6-m\libc.a(scanformat_.o) (__gnu_thumb1_case_uqi)
d:/freescale/cw mcu v10.7/cross_tools/arm-none-eabi-gcc-4_7_3/bin/../lib/gcc/arm-none-eabi/4.7.3/armv6-m\libgcc.a(_udivsi3.o)
[...]
Memory Configuration

Name             Origin             Length             Attributes
m_interrupts     0x00000000         0x000000c0         xr
m_cfmprotrom     0x00000400         0x00000010         xr
m_text           0x00000800         0x0001f800         xr
m_data           0x1ffff000         0x00004000         xrw
*default*        0x00000000         0xffffffff

Linker script and memory map

LOAD ./Project_Settings/Startup_Code/kinetis_sysinit.o
LOAD ./Project_Settings/Startup_Code/__arm_start.o
LOAD ./Project_Settings/Startup_Code/__arm_end.o
LOAD ./Sources/servo.o
LOAD ./Sources/sa_mtb.o
LOAD ./Sources/pit.o
LOAD ./Sources/motors.o
LOAD ./Sources/mcg.o
LOAD ./Sources/main.o
LOAD ./Sources/battery.o
LOAD ./Sources/arm_cm0.o
LOAD ./Sources/adc.o
LOAD ./Sources/UltraSonic.o
LOAD ./Sources/UART.o
LOAD ./Sources/DistSens.o
LOAD ./Sources/BoardSupport.o
                0x00005f00                __pformatter = __pformatter_
                [0x00006328]                __sformatter = __sformatter
START GROUP
LOAD D:/Freescale/CW MCU v10.7/MCU/ARM_GCC_Support/ewl/lib/armv6-m\libc.a
LOAD D:/Freescale/CW MCU v10.7/MCU/ARM_GCC_Support/ewl/lib/armv6-m\libm.a
LOAD d:/freescale/cw mcu v10.7/cross_tools/arm-none-eabi-gcc-4_7_3/bin/../lib/gcc/arm-none-eabi/4.7.3/armv6-m\libgcc.a
LOAD D:/Freescale/CW MCU v10.7/MCU/ARM_GCC_Support/ewl/lib/armv6-m\librt.a
LOAD D:/Freescale/CW MCU v10.7/MCU/ARM_GCC_Support/ewl/lib/armv6-m\libuart.a
END GROUP
                0x20003000                _estack = 0x20003000
                0x20003000                __SP_INIT = _estack
                0x00000400                __heap_size = 0x400
                0x00000400                __stack_size = 0x400

.interrupts     0x00000000       0xc0
                0x00000000                __vector_table = .
                0x00000000                . = ALIGN (0x4)
 *(.vectortable)
 .vectortable   0x00000000       0xc0 ./Project_Settings/Startup_Code/kinetis_sysinit.o
                0x00000000                InterruptVector
                0x000000c0                . = ALIGN (0x4)

.cfmprotect     0x00000400        0x0
                0x00000400                . = ALIGN (0x4)
 *(.cfmconfig)
                0x00000400                . = ALIGN (0x4)

.text           0x00000800     0x68e8
                0x00000800                . = ALIGN (0x4)
 *(.text)
 .text          0x00000800       0x14 d:/freescale/cw mcu v10.7/cross_tools/arm-none-eabi-gcc-4_7_3/bin/../lib/gcc/arm-none-eabi/4.7.3/armv6-m\libgcc.a(_thumb1_case_sqi.o)
                0x00000800                __gnu_thumb1_case_sqi
 .text          0x00000814       0x14 d:/freescale/cw mcu v10.7/cross_tools/arm-none-eabi-gcc-4_7_3/bin/../lib/gcc/arm-none-eabi/4.7.3/armv6-m\libgcc.a(_thumb1_case_uqi.o)
                0x00000814                __gnu_thumb1_case_uqi
 .text          0x00000828       0x9c d:/freescale/cw mcu v10.7/cross_tools/arm-none-eabi-gcc-4_7_3/bin/../lib/gcc/arm-none-eabi/4.7.3/armv6-m\libgcc.a(_udivsi3.o)
                0x00000828                __aeabi_uidiv
                0x00000828                __udivsi3
                0x000008b0                __aeabi_uidivmod
 .text          0x000008c4       0xc0 d:/freescale/cw mcu v10.7/cross_tools/arm-none-eabi-gcc-4_7_3/bin/../lib/gcc/arm-none-eabi/4.7.3/armv6-m\libgcc.a(_divsi3.o)
                0x000008c4                __divsi3
                0x000008c4                __aeabi_idiv
                0x00000970                __aeabi_idivmod
 .text          0x00000984        0x4 d:/freescale/cw mcu v10.7/cross_tools/arm-none-eabi-gcc-4_7_3/bin/../lib/gcc/arm-none-eabi/4.7.3/armv6-m\libgcc.a(_dvmd_tls.o)
                0x00000984                __aeabi_idiv0
                0x00000984                __aeabi_ldiv0
 .text          0x00000988       0x7c d:/freescale/cw mcu v10.7/cross_tools/arm-none-eabi-gcc-4_7_3/bin/../lib/gcc/arm-none-eabi/4.7.3/armv6-m\libgcc.a(_arm_cmpdf2.o)
                0x00000988                __aeabi_cdrcmple
                0x00000998                __aeabi_cdcmple
                0x00000998                __aeabi_cdcmpeq
                0x000009a8                __aeabi_dcmpeq
                0x000009b4                __aeabi_dcmplt
                0x000009c8                __aeabi_dcmple
                0x000009dc                __aeabi_dcmpgt
                0x000009f0                __aeabi_dcmpge
 .text          0x00000a04       0x74 d:/freescale/cw mcu v10.7/cross_tools/arm-none-eabi-gcc-4_7_3/bin/../lib/gcc/arm-none-eabi/4.7.3/armv6-m\libgcc.a(_arm_cmpsf2.o)
                0x00000a04                __aeabi_cfrcmple
                0x00000a0c                __aeabi_cfcmpeq
                0x00000a0c                __aeabi_cfcmple
                0x00000a1c                __aeabi_fcmpeq
                0x00000a28                __aeabi_fcmplt
                0x00000a3c                __aeabi_fcmple
                0x00000a50                __aeabi_fcmpgt
                0x00000a64                __aeabi_fcmpge
 .text          0x00000a78      0x274 d:/freescale/cw mcu v10.7/cross_tools/arm-none-eabi-gcc-4_7_3/bin/../lib/gcc/arm-none-eabi/4.7.3/armv6-m\libgcc.a(divsf3.o)
                0x00000a78                __aeabi_fdiv
 .text          0x00000cec       0x50 d:/freescale/cw mcu v10.7/cross_tools/arm-none-eabi-gcc-4_7_3/bin/../lib/gcc/arm-none-eabi/4.7.3/armv6-m\libgcc.a(eqsf2.o)
                0x00000cec                __eqsf2
                0x00000cec                __nesf2
 .text          0x00000d3c       0x90 d:/freescale/cw mcu v10.7/cross_tools/arm-none-eabi-gcc-4_7_3/bin/../lib/gcc/arm-none-eabi/4.7.3/armv6-m\libgcc.a(gesf2.o)
                0x00000d3c                __gesf2
                0x00000d3c                __gtsf2
 .text          0x00000dcc       0x90 d:/freescale/cw mcu v10.7/cross_tools/arm-none-eabi-gcc-4_7_3/bin/../lib/gcc/arm-none-eabi/4.7.3/armv6-m\libgcc.a(lesf2.o)
                0x00000dcc                __ltsf2
                0x00000dcc                __lesf2
 .text          0x00000e5c      0x3ac d:/freescale/cw mcu v10.7/cross_tools/arm-none-eabi-gcc-4_7_3/bin/../lib/gcc/arm-none-eabi/4.7.3/armv6-m\libgcc.a(subsf3.o)
                0x00000e5c                __aeabi_fsub
 .text          0x00001208       0x40 d:/freescale/cw mcu v10.7/cross_tools/arm-none-eabi-gcc-4_7_3/bin/../lib/gcc/arm-none-eabi/4.7.3/armv6-m\libgcc.a(fixsfsi.o)
                0x00001208                __aeabi_f2iz
 .text          0x00001248       0xa8 d:/freescale/cw mcu v10.7/cross_tools/arm-none-eabi-gcc-4_7_3/bin/../lib/gcc/arm-none-eabi/4.7.3/armv6-m\libgcc.a(floatsisf.o)
                0x00001248                __aeabi_i2f
 .text          0x000012f0      0x758 d:/freescale/cw mcu v10.7/cross_tools/arm-none-eabi-gcc-4_7_3/bin/../lib/gcc/arm-none-eabi/4.7.3/armv6-m\libgcc.a(adddf3.o)
                0x000012f0                __aeabi_dadd
 .text          0x00001a48      0x5b8 d:/freescale/cw mcu v10.7/cross_tools/arm-none-eabi-gcc-4_7_3/bin/../lib/gcc/arm-none-eabi/4.7.3/armv6-m\libgcc.a(divdf3.o)
                0x00001a48                __aeabi_ddiv
 .text          0x00002000       0x7c d:/freescale/cw mcu v10.7/cross_tools/arm-none-eabi-gcc-4_7_3/bin/../lib/gcc/arm-none-eabi/4.7.3/armv6-m\libgcc.a(eqdf2.o)
                0x00002000                __nedf2
                0x00002000                __eqdf2
 .text          0x0000207c       0xe8 d:/freescale/cw mcu v10.7/cross_tools/arm-none-eabi-gcc-4_7_3/bin/../lib/gcc/arm-none-eabi/4.7.3/armv6-m\libgcc.a(gedf2.o)
                0x0000207c                __gedf2
                0x0000207c                __gtdf2
 .text          0x00002164       0xd8 d:/freescale/cw mcu v10.7/cross_tools/arm-none-eabi-gcc-4_7_3/bin/../lib/gcc/arm-none-eabi/4.7.3/armv6-m\libgcc.a(ledf2.o)
                0x00002164                __ledf2
                0x00002164                __ltdf2
 .text          0x0000223c      0x4e4 d:/freescale/cw mcu v10.7/cross_tools/arm-none-eabi-gcc-4_7_3/bin/../lib/gcc/arm-none-eabi/4.7.3/armv6-m\libgcc.a(muldf3.o)
                0x0000223c                __aeabi_dmul
 .text          0x00002720      0x6f8 d:/freescale/cw mcu v10.7/cross_tools/arm-none-eabi-gcc-4_7_3/bin/../lib/gcc/arm-none-eabi/4.7.3/armv6-m\libgcc.a(subdf3.o)
                0x00002720                __aeabi_dsub
 .text          0x00002e18       0x68 d:/freescale/cw mcu v10.7/cross_tools/arm-none-eabi-gcc-4_7_3/bin/../lib/gcc/arm-none-eabi/4.7.3/armv6-m\libgcc.a(fixdfsi.o)
                0x00002e18                __aeabi_d2iz
 .text          0x00002e80       0x74 d:/freescale/cw mcu v10.7/cross_tools/arm-none-eabi-gcc-4_7_3/bin/../lib/gcc/arm-none-eabi/4.7.3/armv6-m\libgcc.a(floatsidf.o)
                0x00002e80                __aeabi_i2d
 .text          0x00002ef4       0xa8 d:/freescale/cw mcu v10.7/cross_tools/arm-none-eabi-gcc-4_7_3/bin/../lib/gcc/arm-none-eabi/4.7.3/armv6-m\libgcc.a(extendsfdf2.o)
                0x00002ef4                __aeabi_f2d
 .text          0x00002f9c      0x134 d:/freescale/cw mcu v10.7/cross_tools/arm-none-eabi-gcc-4_7_3/bin/../lib/gcc/arm-none-eabi/4.7.3/armv6-m\libgcc.a(truncdfsf2.o)
                0x00002f9c                __aeabi_d2f
 .text          0x000030d0       0x3c d:/freescale/cw mcu v10.7/cross_tools/arm-none-eabi-gcc-4_7_3/bin/../lib/gcc/arm-none-eabi/4.7.3/armv6-m\libgcc.a(_clzsi2.o)
                0x000030d0                __clzsi2
 *(.text*)
 .text.Default_Handler
                0x0000310c        0xc ./Project_Settings/Startup_Code/kinetis_sysinit.o
                0x0000310c                RTC_Alarm_IRQHandler
                0x0000310c                I2C0_IRQHandler
                0x0000310c                HardFault_Handler
                0x0000310c                SysTick_Handler
                0x0000310c                PendSV_Handler
                0x0000310c                NMI_Handler
                0x0000310c                I2C1_IRQHandler
                0x0000310c                UART1_IRQHandler
                0x0000310c                DMA2_IRQHandler
                0x0000310c                TSI0_IRQHandler
                0x0000310c                SPI1_IRQHandler
                0x0000310c                LPTimer_IRQHandler
                0x0000310c                FTM1_IRQHandler
                0x0000310c                RTC_Seconds_IRQHandler
                0x0000310c                MCG_IRQHandler
                0x0000310c                UART2_IRQHandler
                0x0000310c                Default_Handler
                0x0000310c                LLW_IRQHandler
                0x0000310c                SVC_Handler
                0x0000310c                USBOTG_IRQHandler
                0x0000310c                DMA3_IRQHandler
                0x0000310c                DMA0_IRQHandler
                0x0000310c                DAC0_IRQHandler
                0x0000310c                PMC_IRQHandler
                0x0000310c                SPI0_IRQHandler
                0x0000310c                PORTA_IRQHandler
                0x0000310c                MCM_IRQHandler
                0x0000310c                FTFL_IRQHandler
                0x0000310c                FTM2_IRQHandler
                0x0000310c                CMP0_IRQHandler
                0x0000310c                DMA1_IRQHandler
 .text.__init_hardware
                0x00003118       0x2c ./Project_Settings/Startup_Code/kinetis_sysinit.o
                0x00003118                __init_hardware
 .text.zero_fill_bss
                0x00003144       0x24 ./Project_Settings/Startup_Code/__arm_start.o
 .text.__thumb_startup
                0x00003168       0x30 ./Project_Settings/Startup_Code/__arm_start.o
                0x00003168                __thumb_startup
 .text._ExitProcess
                0x00003198        0xc ./Project_Settings/Startup_Code/__arm_end.o
                0x00003198                _ExitProcess
 .text.ServoConfig
                0x000031a4       0x68 ./Sources/servo.o
                0x000031a4                ServoConfig
 .text.Servo1SetPos
                0x0000320c       0x74 ./Sources/servo.o
                0x0000320c                Servo1SetPos
 .text.Servo2SetPos
                0x00003280       0x74 ./Sources/servo.o
                0x00003280                Servo2SetPos
 .text.Servo_Movement
                0x000032f4      0x110 ./Sources/servo.o
                0x000032f4                Servo_Movement
 .text.RightExitconfig
                0x00003404       0x24 ./Sources/servo.o
                0x00003404                RightExitconfig
 .text.leftExitconfig
                0x00003428       0x24 ./Sources/servo.o
                0x00003428                leftExitconfig
 .text.Straightconfig
                0x0000344c       0x28 ./Sources/servo.o
                0x0000344c                Straightconfig
 .text.CheckWhereTheServo
                0x00003474       0x3c ./Sources/servo.o
                0x00003474                CheckWhereTheServo
 .text.pit_init
                0x000034b0       0x9c ./Sources/pit.o
                0x000034b0                pit_init
 *fill*         0x0000354c        0x4 00
 .text.PIT_IRQHandler
                0x00003550      0x258 ./Sources/pit.o
                0x00003550                PIT_IRQHandler
 .text.MotorConfig
                0x000037a8       0x78 ./Sources/motors.o
                0x000037a8                MotorConfig
 .text.EncoderConfig
                0x00003820       0x1c ./Sources/motors.o
                0x00003820                EncoderConfig
 .text.EncoderChecker
                0x0000383c       0x9c ./Sources/motors.o
                0x0000383c                EncoderChecker
 .text.pll_init
                0x000038d8      0x548 ./Sources/mcg.o
                0x000038d8                pll_init
 .text.main     0x00003e20       0x84 ./Sources/main.o
                0x00003e20                main
 .text.init_TPM0
                0x00003ea4       0x70 ./Sources/main.o
                0x00003ea4                init_TPM0
 .text.Motor_Dir_Speed
                0x00003f14       0xf4 ./Sources/main.o
                0x00003f14                Motor_Dir_Speed
 .text.turnToAngle
                0x00004008      0x150 ./Sources/main.o
                0x00004008                turnToAngle
 .text.EncoderSensing
                0x00004158      0x110 ./Sources/main.o
                0x00004158                EncoderSensing
 .text.FTM0_IRQHandler
                0x00004268      0x14c ./Sources/main.o
                0x00004268                FTM0_IRQHandler
 *fill*         0x000043b4        0x4 00
 .text.gameOn   0x000043b8       0xa0 ./Sources/main.o
                0x000043b8                gameOn
 .text.EnterArena
                0x00004458       0x78 ./Sources/main.o
                0x00004458                EnterArena
 .text.ExitArena
                0x000044d0      0x250 ./Sources/main.o
                0x000044d0                ExitArena
 .text.WalkAway
                0x00004720      0x1f0 ./Sources/main.o
                0x00004720                WalkAway
 .text.GetObjectLeft
                0x00004910      0x180 ./Sources/main.o
                0x00004910                GetObjectLeft
 .text.GetObjectRight
                0x00004a90      0x180 ./Sources/main.o
                0x00004a90                GetObjectRight
 .text.BattLedConfig
                0x00004c10       0x44 ./Sources/battery.o
                0x00004c10                BattLedConfig
 .text.wait     0x00004c54       0x28 ./Sources/arm_cm0.o
                0x00004c54                wait
 .text.enable_irq
                0x00004c7c       0x6c ./Sources/arm_cm0.o
                0x00004c7c                enable_irq
 .text.set_irq_priority
                0x00004ce8       0x74 ./Sources/arm_cm0.o
                0x00004ce8                set_irq_priority
 .text.adc_init
                0x00004d5c       0x80 ./Sources/adc.o
                0x00004d5c                adc_init
 .text.ADC0_IRQHandler
                0x00004ddc       0x64 ./Sources/adc.o
                0x00004ddc                ADC0_IRQHandler
 .text.TurnOffADC
                0x00004e40       0x18 ./Sources/adc.o
                0x00004e40                TurnOffADC
 .text.TurnOnADC
                0x00004e58       0x20 ./Sources/adc.o
                0x00004e58                TurnOnADC
 .text.PrintDistance
                0x00004e78      0x300 ./Sources/UltraSonic.o
                0x00004e78                PrintDistance
 .text.UltraSonicSensing
                0x00005178       0x68 ./Sources/UltraSonic.o
                0x00005178                UltraSonicSensing
 .text.printMenu
                0x000051e0       0x1c ./Sources/UART.o
                0x000051e0                printMenu
 .text.UART0_IRQHandler
                0x000051fc      0x128 ./Sources/UART.o
                0x000051fc                UART0_IRQHandler
 .text.InitUARTs
                0x00005324       0xc4 ./Sources/UART.o
                0x00005324                InitUARTs
 .text.Uart0_Br_Sbr
                0x000053e8      0x230 ./Sources/UART.o
                0x000053e8                Uart0_Br_Sbr
 .text.UARTprintf
                0x00005618       0x60 ./Sources/UART.o
                0x00005618                UARTprintf
 .text.DistSensConfig
                0x00005678       0x20 ./Sources/DistSens.o
                0x00005678                DistSensConfig
 .text.DistSensStop
                0x00005698        0x8 ./Sources/DistSens.o
                0x00005698                DistSensStop
 .text.DistanceMeasuring1
                0x000056a0       0x30 ./Sources/DistSens.o
                0x000056a0                DistanceMeasuring1
 .text.DistanceMeasuring2
                0x000056d0       0x30 ./Sources/DistSens.o
                0x000056d0                DistanceMeasuring2
 .text.indexDistance1
                0x00005700       0x94 ./Sources/DistSens.o
                0x00005700                indexDistance1
 .text.indexDistance2
                0x00005794       0x94 ./Sources/DistSens.o
                0x00005794                indexDistance2
 .text.PORTD_IRQHandler
                0x00005828       0x84 ./Sources/DistSens.o
                0x00005828                PORTD_IRQHandler
 .text.DistanceForArray
                0x000058ac       0x48 ./Sources/DistSens.o
                0x000058ac                DistanceForArray
 .text.DistanceMeasure
                0x000058f4       0xc4 ./Sources/DistSens.o
                0x000058f4                DistanceMeasure
 .text.DistanceMeasureIR2
                0x000059b8       0xc4 ./Sources/DistSens.o
                0x000059b8                DistanceMeasureIR2
 .text.InitGPIO
                0x00005a7c       0x8c ./Sources/BoardSupport.o
                0x00005a7c                InitGPIO
 .text.InitTPM  0x00005b08      0x11c ./Sources/BoardSupport.o
                0x00005b08                InitTPM
 .text.ClockSetup
                0x00005c24       0x7c ./Sources/BoardSupport.o
                0x00005c24                ClockSetup
 .text.exit     0x00005ca0       0x38 D:/Freescale/CW MCU v10.7/MCU/ARM_GCC_Support/ewl/lib/armv6-m\libc.a(exit.o)
                0x00005ca0                exit
 .text.memset   0x00005cd8        0xc D:/Freescale/CW MCU v10.7/MCU/ARM_GCC_Support/ewl/lib/armv6-m\libc.a(memset.o)
                0x00005cd8                memset
 .text.__fill_mem
                0x00005ce4       0x7e D:/Freescale/CW MCU v10.7/MCU/ARM_GCC_Support/ewl/lib/armv6-m\libc.a(__filll_mem.o)
                0x00005ce4                __fill_mem
 *fill*         0x00005d62        0x2 00
 .text.long2str.isra.0
                0x00005d64      0x19c D:/Freescale/CW MCU v10.7/MCU/ARM_GCC_Support/ewl/lib/armv6-m\libc.a(printformat_.o)
 .text.__pformatter_
                0x00005f00      0x428 D:/Freescale/CW MCU v10.7/MCU/ARM_GCC_Support/ewl/lib/armv6-m\libc.a(printformat_.o)
                0x00005f00                __pformatter_
 .text.__sformatter
                0x00006328      0x698 D:/Freescale/CW MCU v10.7/MCU/ARM_GCC_Support/ewl/lib/armv6-m\libc.a(scanformat_.o)
                0x00006328                __sformatter
 .text.isalpha  0x000069c0       0x20 D:/Freescale/CW MCU v10.7/MCU/ARM_GCC_Support/ewl/lib/armv6-m\libc.a(ctype_aeabi.o)
                0x000069c0                isalpha
 .text.isspace  0x000069e0       0x20 D:/Freescale/CW MCU v10.7/MCU/ARM_GCC_Support/ewl/lib/armv6-m\libc.a(ctype_aeabi.o)
                0x000069e0                isspace
 .text.toupper  0x00006a00        0xe D:/Freescale/CW MCU v10.7/MCU/ARM_GCC_Support/ewl/lib/armv6-m\libc.a(ctype_aeabi.o)
                0x00006a00                toupper
 .text.__strtoul
                0x00006a0e      0x1ce D:/Freescale/CW MCU v10.7/MCU/ARM_GCC_Support/ewl/lib/armv6-m\libc.a(__strtoul.o)
                0x00006a0e                __strtoul
 .text.strchr   0x00006bdc       0x1e D:/Freescale/CW MCU v10.7/MCU/ARM_GCC_Support/ewl/lib/armv6-m\libc.a(strchr.o)
                0x00006bdc                strchr
 .text.memcpy   0x00006bfa       0x12 D:/Freescale/CW MCU v10.7/MCU/ARM_GCC_Support/ewl/lib/armv6-m\libc.a(memcpy.o)
                0x00006bfa                memcpy
 .text.strlen   0x00006c0c       0x10 D:/Freescale/CW MCU v10.7/MCU/ARM_GCC_Support/ewl/lib/armv6-m\libc.a(strlen.o)
                0x00006c0c                strlen
 .text.memchr   0x00006c1c       0x1a D:/Freescale/CW MCU v10.7/MCU/ARM_GCC_Support/ewl/lib/armv6-m\libc.a(memchr.o)
                0x00006c1c                memchr
 .text.fmax     0x00006c36       0x3a D:/Freescale/CW MCU v10.7/MCU/ARM_GCC_Support/ewl/lib/armv6-m\libm.a(fmax.o)
                0x00006c36                fmax
 .text.__fpclassifyd
                0x00006c70       0x38 D:/Freescale/CW MCU v10.7/MCU/ARM_GCC_Support/ewl/lib/armv6-m\libm.a(math_api.o)
                0x00006c70                __fpclassifyd
 .text.__init_cpp
                0x00006ca8       0x48 D:/Freescale/CW MCU v10.7/MCU/ARM_GCC_Support/ewl/lib/armv6-m\librt.a(gcc_ctor_dtor.o)
                0x00006ca8                __init_cpp
 .text.__fini_cpp
                0x00006cf0       0x34 D:/Freescale/CW MCU v10.7/MCU/ARM_GCC_Support/ewl/lib/armv6-m\librt.a(gcc_ctor_dtor.o)
                0x00006cf0                __fini_cpp
 .text.__destroy_global_chain
                0x00006d24       0x1c D:/Freescale/CW MCU v10.7/MCU/ARM_GCC_Support/ewl/lib/armv6-m\librt.a(__arm_eabi_init.o)
                0x00006d24                __destroy_global_chain
 .text.__init_registers
                0x00006d40       0x1c D:/Freescale/CW MCU v10.7/MCU/ARM_GCC_Support/ewl/lib/armv6-m\librt.a(__arm_eabi_init.o)
                0x00006d40                __init_registers
 .text.__init_user
                0x00006d5c        0x4 D:/Freescale/CW MCU v10.7/MCU/ARM_GCC_Support/ewl/lib/armv6-m\librt.a(__arm_eabi_init.o)
                0x00006d5c                __init_user
 .text.__copy_rom_section
                0x00006d60       0x48 D:/Freescale/CW MCU v10.7/MCU/ARM_GCC_Support/ewl/lib/armv6-m\librt.a(ROMCopy.o)
                0x00006d60                __copy_rom_section
 .text.__copy_rom_sections_to_ram
                0x00006da8       0x34 D:/Freescale/CW MCU v10.7/MCU/ARM_GCC_Support/ewl/lib/armv6-m\librt.a(ROMCopy.o)
                0x00006da8                __copy_rom_sections_to_ram
 *(.rodata)
 .rodata        0x00006ddc       0x70 ./Sources/UltraSonic.o
 .rodata        0x00006e4c       0xd0 ./Sources/UART.o
 .rodata        0x00006f1c       0x40 d:/freescale/cw mcu v10.7/cross_tools/arm-none-eabi-gcc-4_7_3/bin/../lib/gcc/arm-none-eabi/4.7.3/armv6-m\libgcc.a(divsf3.o)
 .rodata        0x00006f5c       0x40 d:/freescale/cw mcu v10.7/cross_tools/arm-none-eabi-gcc-4_7_3/bin/../lib/gcc/arm-none-eabi/4.7.3/armv6-m\libgcc.a(divdf3.o)
 .rodata        0x00006f9c       0x40 d:/freescale/cw mcu v10.7/cross_tools/arm-none-eabi-gcc-4_7_3/bin/../lib/gcc/arm-none-eabi/4.7.3/armv6-m\libgcc.a(muldf3.o)
 *(.rodata*)
 .rodata.str1.1
                0x00006fdc        0x1 D:/Freescale/CW MCU v10.7/MCU/ARM_GCC_Support/ewl/lib/armv6-m\libc.a(printformat_.o)
 .rodata.CSWTCH.20
                0x00006fdd        0x5 D:/Freescale/CW MCU v10.7/MCU/ARM_GCC_Support/ewl/lib/armv6-m\libc.a(printformat_.o)
 .rodata.CSWTCH.21
                0x00006fe2        0x5 D:/Freescale/CW MCU v10.7/MCU/ARM_GCC_Support/ewl/lib/armv6-m\libc.a(printformat_.o)
 .rodata.__aeabi_ctype_table_C
                0x00006fe7      0x101 D:/Freescale/CW MCU v10.7/MCU/ARM_GCC_Support/ewl/lib/armv6-m\libc.a(ctype_aeabi.o)
                0x00006fe7                __aeabi_ctype_table_C
 *(.glue_7)
 .glue_7        0x00000000        0x0 linker stubs
 *(.glue_7t)
 .glue_7t       0x00000000        0x0 linker stubs
 *(.eh_frame)
 *(.init)
 *(.fini)
                0x000070e8                . = ALIGN (0x4)
                0x000070e8                _etext = .

.vfp11_veneer   0x000070e8        0x0
 .vfp11_veneer  0x00000000        0x0 linker stubs

.v4_bx          0x000070e8        0x0
 .v4_bx         0x00000000        0x0 linker stubs

.iplt           0x000070e8        0x0
 .iplt          0x00000000        0x0 ./Project_Settings/Startup_Code/kinetis_sysinit.o

.rel.dyn        0x000070e8        0x0
 .rel.iplt      0x00000000        0x0 ./Project_Settings/Startup_Code/kinetis_sysinit.o

.ARM.extab
 *(.ARM.extab* .gnu.linkonce.armextab.*)

.ARM            0x000070e8        0x0
                0x000070e8                __exidx_start = .
 *(.ARM.exidx*)
                0x000070e8                __exidx_end = .

.ctors          0x000070e8        0x0
                0x000070e8                __CTOR_LIST__ = .
 *crtbegin.o(.ctors)
 *(EXCLUDE_FILE(*crtend.o) .ctors)
 *(SORT(.ctors.*))
 *(.ctors)
                0x000070e8                __CTOR_END__ = .

.dtors          0x000070e8        0x0
                0x000070e8                __DTOR_LIST__ = .
 *crtbegin.o(.dtors)
 *(EXCLUDE_FILE(*crtend.o) .dtors)
 *(SORT(.dtors.*))
 *(.dtors)
                0x000070e8                __DTOR_END__ = .

.preinit_array  0x000070e8        0x0
                0x000070e8                PROVIDE (__preinit_array_start, .)
 *(.preinit_array*)
                0x000070e8                PROVIDE (__preinit_array_end, .)

.init_array     0x000070e8        0x0
                0x000070e8                PROVIDE (__init_array_start, .)
 *(SORT(.init_array.*))
 *(.init_array*)
                0x000070e8                PROVIDE (__init_array_end, .)

.fini_array     0x000070e8        0x0
                0x000070e8                PROVIDE (__fini_array_start, .)
 *(SORT(.fini_array.*))
 *(.fini_array*)
                0x000070e8                PROVIDE (__fini_array_end, .)
                0x000070e8                ___ROM_AT = .

.mtb            0x1ffff000        0x0
                0x1ffff000                . = ALIGN (0x8)
                0x1ffff000                _mtb_start = .
 *(.mtb_buf)
                0x1ffff000                . = ALIGN (0x8)
                0x1ffff000                _mtb_end = .

.data           0x1ffff000      0x410 load address 0x000070e8
                0x1ffff000                . = ALIGN (0x4)
                0x1ffff000                _sdata = .
 *(.data)
 *(.data*)
 .data.Distance1
                0x1ffff000      0x208 ./Sources/DistSens.o
                0x1ffff000                Distance1
 .data.Distance2
                0x1ffff208      0x208 ./Sources/DistSens.o
                0x1ffff208                Distance2
                0x1ffff410                . = ALIGN (0x4)
                0x1ffff410                _edata = .
                0x00000410                ___data_size = (_edata - _sdata)

.igot.plt       0x1ffff410        0x0 load address 0x000074f8
 .igot.plt      0x00000000        0x0 ./Project_Settings/Startup_Code/kinetis_sysinit.o
                0x1ffff410                . = ALIGN (0x4)

.bss            0x1ffff410     0x2e74 load address 0x000074f8
                0x1ffff410                __START_BSS = .
                0x1ffff410                PROVIDE (__bss_start__, __START_BSS)
 *(.bss)
 *(.bss*)
 .bss.argv      0x1ffff410        0x4 ./Project_Settings/Startup_Code/__arm_start.o
 .bss.startMeasure
                0x1ffff414        0x4 ./Sources/DistSens.o
                0x1ffff414                startMeasure
 .bss.index     0x1ffff418        0x4 ./Sources/DistSens.o
                0x1ffff418                index
 .bss.__stdio_exit
                0x1ffff41c        0x4 D:/Freescale/CW MCU v10.7/MCU/ARM_GCC_Support/ewl/lib/armv6-m\libc.a(exit.o)
                0x1ffff41c                __stdio_exit
 .bss.__console_exit
                0x1ffff420        0x4 D:/Freescale/CW MCU v10.7/MCU/ARM_GCC_Support/ewl/lib/armv6-m\libc.a(exit.o)
                0x1ffff420                __console_exit
 .bss.__global_destructor_chain
                0x1ffff424        0x4 D:/Freescale/CW MCU v10.7/MCU/ARM_GCC_Support/ewl/lib/armv6-m\librt.a(__arm_eabi_init.o)
                0x1ffff424                __global_destructor_chain
 .bss.__S_romp  0x1ffff428        0xc D:/Freescale/CW MCU v10.7/MCU/ARM_GCC_Support/ewl/lib/armv6-m\librt.a(ROMCopy.o)
 *(COMMON)
 *fill*         0x1ffff434        0x4 00
 COMMON         0x1ffff438     0x2e4c ./Sources/servo.o
                0x1ffff438                CountTOF2
                0x1ffff43c                currentSpeed
                0x1ffff440                currsens
                0x1ffff444                ultraConfig
                0x1ffff448                map
                0x20001e78                nextTargetY1
                0x20001e7c                UltraTOF
                0x20001e80                j
                0x20001e84                MoveServo
                0x20001e88                wheel1Duty
                0x20001e8c                wheel2Time
                0x20001e90                currentDistanceUltra1
                0x20001e98                prevCNV1
                0x20001e9c                sens2
                0x20001ea0                nextTargetX1
                0x20001ea4                option
                0x20001ea8                Yflag
                0x20001eac                CountTOF1
                0x20001eb0                tempTargetRight
                0x20001eb8                firstMove
                0x20001ebc                temp
                0x2000218c                ScanPhase
                0x20002190                wheel2Delta
                0x20002194                currentY
                0x20002198                wheel2Freq
                0x2000219c                backServo
                0x200021a0                state
                0x200021a4                targets
                0x200021b4                wheel1Time
                0x200021b8                wheel1Speed
                0x200021bc                dir1
                0x200021c0                wheel2Duty
                0x200021c4                encoderConfig
                0x200021c8                wheel2TPMCounter
                0x200021cc                printDistisPressed
                0x200021d0                phase
                0x200021d4                i
                0x200021d8                currentDistance1
                0x200021e0                Exit
                0x200021e4                Servo2CurrPosition
                0x200021e8                currentDistance2
                0x200021f0                LeftScan
                0x200021f8                DistLeft
                0x20002200                calcSpeed
                0x20002204                ExitLeft
                0x20002208                batteryLevel
                0x2000220c                counter
                0x20002210                tempTargetLeft
                0x20002218                sens1
                0x2000221c                nextTargetY2
                0x20002220                nextTargetX2
                0x20002228                currentDistanceUltra2
                0x20002230                delay
                0x20002234                Servo1CurrPosition
                0x20002238                RoundOfPit2
                0x2000223c                currentX
                0x20002240                RightScan
                0x20002244                currentAngle
                0x20002248                wheel1Freq
                0x2000224c                dir2
                0x20002250                wheel1TPMCounter
                0x20002254                hitMode
                0x20002258                phase0Starting
                0x2000225c                wheel2Speed
                0x20002260                RoundOfPit
                0x20002264                ExitRight
                0x20002268                scanum
                0x2000226c                prevCNV2
                0x20002270                batteryVOLT
                0x20002274                distFromStartingPoint
                0x20002278                wheel1Delta
                0x2000227c                MultiDrop
                0x20002280                target
                0x20002284                . = ALIGN (0x4)
                0x20002284                __END_BSS = .
                0x20002284                PROVIDE (__bss_end__, __END_BSS)
                0x000074f8                _romp_at = (___ROM_AT + SIZEOF (.data))

.romp           0x20002284       0x18 load address 0x000074f8
                0x000074f8                __S_romp = _romp_at
                0x20002284        0x4 LONG 0x70e8 ___ROM_AT
                0x20002288        0x4 LONG 0x1ffff000 _sdata
                0x2000228c        0x4 LONG 0x410 ___data_size
                0x20002290        0x4 LONG 0x0
                0x20002294        0x4 LONG 0x0
                0x20002298        0x4 LONG 0x0

._user_heap_stack
                0x2000229c      0x800 load address 0x00007510
                0x2000229c                . = ALIGN (0x4)
                0x2000229c                PROVIDE (end, .)
                0x2000229c                PROVIDE (_end, .)
                0x2000229c                __heap_addr = .
                0x2000269c                . = (. + __heap_size)
 *fill*         0x2000229c      0x400 00
                0x20002a9c                . = (. + __stack_size)
 *fill*         0x2000269c      0x400 00
                0x20002a9c                . = ALIGN (0x4)

.ARM.attributes
                0x00000000       0x31
 *(.ARM.attributes)
 .ARM.attributes
                0x00000000       0x31 ./Project_Settings/Startup_Code/kinetis_sysinit.o
 .ARM.attributes
                0x00000031       0x31 ./Project_Settings/Startup_Code/__arm_start.o
 .ARM.attributes
                0x00000062       0x31 ./Project_Settings/Startup_Code/__arm_end.o
 .ARM.attributes
                0x00000093       0x31 ./Sources/servo.o
 .ARM.attributes
                0x000000c4       0x31 ./Sources/pit.o
 .ARM.attributes
                0x000000f5       0x31 ./Sources/motors.o
 .ARM.attributes
                0x00000126       0x31 ./Sources/mcg.o
 .ARM.attributes
                0x00000157       0x31 ./Sources/main.o
 .ARM.attributes
                0x00000188       0x31 ./Sources/battery.o
 .ARM.attributes
                0x000001b9       0x31 ./Sources/arm_cm0.o
 .ARM.attributes
                0x000001ea       0x31 ./Sources/adc.o
 .ARM.attributes
                0x0000021b       0x31 ./Sources/UltraSonic.o
 .ARM.attributes
                0x0000024c       0x31 ./Sources/UART.o
 .ARM.attributes
                0x0000027d       0x31 ./Sources/DistSens.o
 .ARM.attributes
                0x000002ae       0x31 ./Sources/BoardSupport.o
 .ARM.attributes
                0x000002df       0x31 D:/Freescale/CW MCU v10.7/MCU/ARM_GCC_Support/ewl/lib/armv6-m\libc.a(exit.o)
 .ARM.attributes
                0x00000310       0x31 D:/Freescale/CW MCU v10.7/MCU/ARM_GCC_Support/ewl/lib/armv6-m\libc.a(memset.o)
 .ARM.attributes
                0x00000341       0x31 D:/Freescale/CW MCU v10.7/MCU/ARM_GCC_Support/ewl/lib/armv6-m\libc.a(__filll_mem.o)
 .ARM.attributes
                0x00000372       0x31 D:/Freescale/CW MCU v10.7/MCU/ARM_GCC_Support/ewl/lib/armv6-m\libc.a(printformat_.o)
 .ARM.attributes
                0x000003a3       0x31 D:/Freescale/CW MCU v10.7/MCU/ARM_GCC_Support/ewl/lib/armv6-m\libc.a(scanformat_.o)
 .ARM.attributes
                0x000003d4       0x31 D:/Freescale/CW MCU v10.7/MCU/ARM_GCC_Support/ewl/lib/armv6-m\libc.a(ctype_aeabi.o)
 .ARM.attributes
                0x00000405       0x31 D:/Freescale/CW MCU v10.7/MCU/ARM_GCC_Support/ewl/lib/armv6-m\libc.a(__strtoul.o)
 .ARM.attributes
                0x00000436       0x31 D:/Freescale/CW MCU v10.7/MCU/ARM_GCC_Support/ewl/lib/armv6-m\libc.a(strchr.o)
 .ARM.attributes
                0x00000467       0x31 D:/Freescale/CW MCU v10.7/MCU/ARM_GCC_Support/ewl/lib/armv6-m\libc.a(memcpy.o)
 .ARM.attributes
                0x00000498       0x31 D:/Freescale/CW MCU v10.7/MCU/ARM_GCC_Support/ewl/lib/armv6-m\libc.a(strlen.o)
 .ARM.attributes
                0x000004c9       0x31 D:/Freescale/CW MCU v10.7/MCU/ARM_GCC_Support/ewl/lib/armv6-m\libc.a(memchr.o)
 .ARM.attributes
                0x000004fa       0x31 D:/Freescale/CW MCU v10.7/MCU/ARM_GCC_Support/ewl/lib/armv6-m\libm.a(fmax.o)
 .ARM.attributes
                0x0000052b       0x31 D:/Freescale/CW MCU v10.7/MCU/ARM_GCC_Support/ewl/lib/armv6-m\libm.a(math_api.o)
 .ARM.attributes
                0x0000055c       0x1e d:/freescale/cw mcu v10.7/cross_tools/arm-none-eabi-gcc-4_7_3/bin/../lib/gcc/arm-none-eabi/4.7.3/armv6-m\libgcc.a(_thumb1_case_sqi.o)
 .ARM.attributes
                0x0000057a       0x1e d:/freescale/cw mcu v10.7/cross_tools/arm-none-eabi-gcc-4_7_3/bin/../lib/gcc/arm-none-eabi/4.7.3/armv6-m\libgcc.a(_thumb1_case_uqi.o)
 .ARM.attributes
                0x00000598       0x1e d:/freescale/cw mcu v10.7/cross_tools/arm-none-eabi-gcc-4_7_3/bin/../lib/gcc/arm-none-eabi/4.7.3/armv6-m\libgcc.a(_udivsi3.o)
 .ARM.attributes
                0x000005b6       0x1e d:/freescale/cw mcu v10.7/cross_tools/arm-none-eabi-gcc-4_7_3/bin/../lib/gcc/arm-none-eabi/4.7.3/armv6-m\libgcc.a(_divsi3.o)
 .ARM.attributes
                0x000005d4       0x1e d:/freescale/cw mcu v10.7/cross_tools/arm-none-eabi-gcc-4_7_3/bin/../lib/gcc/arm-none-eabi/4.7.3/armv6-m\libgcc.a(_dvmd_tls.o)
 .ARM.attributes
                0x000005f2       0x1e d:/freescale/cw mcu v10.7/cross_tools/arm-none-eabi-gcc-4_7_3/bin/../lib/gcc/arm-none-eabi/4.7.3/armv6-m\libgcc.a(_arm_cmpdf2.o)
 .ARM.attributes
                0x00000610       0x1e d:/freescale/cw mcu v10.7/cross_tools/arm-none-eabi-gcc-4_7_3/bin/../lib/gcc/arm-none-eabi/4.7.3/armv6-m\libgcc.a(_arm_cmpsf2.o)
 .ARM.attributes
                0x0000062e       0x2c d:/freescale/cw mcu v10.7/cross_tools/arm-none-eabi-gcc-4_7_3/bin/../lib/gcc/arm-none-eabi/4.7.3/armv6-m\libgcc.a(divsf3.o)
 .ARM.attributes
                0x0000065a       0x2c d:/freescale/cw mcu v10.7/cross_tools/arm-none-eabi-gcc-4_7_3/bin/../lib/gcc/arm-none-eabi/4.7.3/armv6-m\libgcc.a(eqsf2.o)
 .ARM.attributes
                0x00000686       0x2c d:/freescale/cw mcu v10.7/cross_tools/arm-none-eabi-gcc-4_7_3/bin/../lib/gcc/arm-none-eabi/4.7.3/armv6-m\libgcc.a(gesf2.o)
 .ARM.attributes
                0x000006b2       0x2c d:/freescale/cw mcu v10.7/cross_tools/arm-none-eabi-gcc-4_7_3/bin/../lib/gcc/arm-none-eabi/4.7.3/armv6-m\libgcc.a(lesf2.o)
 .ARM.attributes
                0x000006de       0x2c d:/freescale/cw mcu v10.7/cross_tools/arm-none-eabi-gcc-4_7_3/bin/../lib/gcc/arm-none-eabi/4.7.3/armv6-m\libgcc.a(subsf3.o)
 .ARM.attributes
                0x0000070a       0x2c d:/freescale/cw mcu v10.7/cross_tools/arm-none-eabi-gcc-4_7_3/bin/../lib/gcc/arm-none-eabi/4.7.3/armv6-m\libgcc.a(fixsfsi.o)
 .ARM.attributes
                0x00000736       0x2c d:/freescale/cw mcu v10.7/cross_tools/arm-none-eabi-gcc-4_7_3/bin/../lib/gcc/arm-none-eabi/4.7.3/armv6-m\libgcc.a(floatsisf.o)
 .ARM.attributes
                0x00000762       0x2c d:/freescale/cw mcu v10.7/cross_tools/arm-none-eabi-gcc-4_7_3/bin/../lib/gcc/arm-none-eabi/4.7.3/armv6-m\libgcc.a(adddf3.o)
 .ARM.attributes
                0x0000078e       0x2c d:/freescale/cw mcu v10.7/cross_tools/arm-none-eabi-gcc-4_7_3/bin/../lib/gcc/arm-none-eabi/4.7.3/armv6-m\libgcc.a(divdf3.o)
 .ARM.attributes
                0x000007ba       0x2c d:/freescale/cw mcu v10.7/cross_tools/arm-none-eabi-gcc-4_7_3/bin/../lib/gcc/arm-none-eabi/4.7.3/armv6-m\libgcc.a(eqdf2.o)
 .ARM.attributes
                0x000007e6       0x2c d:/freescale/cw mcu v10.7/cross_tools/arm-none-eabi-gcc-4_7_3/bin/../lib/gcc/arm-none-eabi/4.7.3/armv6-m\libgcc.a(gedf2.o)
 .ARM.attributes
                0x00000812       0x2c d:/freescale/cw mcu v10.7/cross_tools/arm-none-eabi-gcc-4_7_3/bin/../lib/gcc/arm-none-eabi/4.7.3/armv6-m\libgcc.a(ledf2.o)
 .ARM.attributes
                0x0000083e       0x2c d:/freescale/cw mcu v10.7/cross_tools/arm-none-eabi-gcc-4_7_3/bin/../lib/gcc/arm-none-eabi/4.7.3/armv6-m\libgcc.a(muldf3.o)
 .ARM.attributes
                0x0000086a       0x2c d:/freescale/cw mcu v10.7/cross_tools/arm-none-eabi-gcc-4_7_3/bin/../lib/gcc/arm-none-eabi/4.7.3/armv6-m\libgcc.a(subdf3.o)
 .ARM.attributes
                0x00000896       0x2c d:/freescale/cw mcu v10.7/cross_tools/arm-none-eabi-gcc-4_7_3/bin/../lib/gcc/arm-none-eabi/4.7.3/armv6-m\libgcc.a(fixdfsi.o)
 .ARM.attributes
                0x000008c2       0x2c d:/freescale/cw mcu v10.7/cross_tools/arm-none-eabi-gcc-4_7_3/bin/../lib/gcc/arm-none-eabi/4.7.3/armv6-m\libgcc.a(floatsidf.o)
 .ARM.attributes
                0x000008ee       0x2c d:/freescale/cw mcu v10.7/cross_tools/arm-none-eabi-gcc-4_7_3/bin/../lib/gcc/arm-none-eabi/4.7.3/armv6-m\libgcc.a(extendsfdf2.o)
 .ARM.attributes
                0x0000091a       0x2c d:/freescale/cw mcu v10.7/cross_tools/arm-none-eabi-gcc-4_7_3/bin/../lib/gcc/arm-none-eabi/4.7.3/armv6-m\libgcc.a(truncdfsf2.o)
 .ARM.attributes
                0x00000946       0x1e d:/freescale/cw mcu v10.7/cross_tools/arm-none-eabi-gcc-4_7_3/bin/../lib/gcc/arm-none-eabi/4.7.3/armv6-m\libgcc.a(_clzsi2.o)
 .ARM.attributes
                0x00000964       0x31 D:/Freescale/CW MCU v10.7/MCU/ARM_GCC_Support/ewl/lib/armv6-m\librt.a(gcc_ctor_dtor.o)
 .ARM.attributes
                0x00000995       0x31 D:/Freescale/CW MCU v10.7/MCU/ARM_GCC_Support/ewl/lib/armv6-m\librt.a(__arm_eabi_init.o)
 .ARM.attributes
                0x000009c6       0x31 D:/Freescale/CW MCU v10.7/MCU/ARM_GCC_Support/ewl/lib/armv6-m\librt.a(ROMCopy.o)
OUTPUT(REFAEL.elf elf32-littlearm)

.debug_info     0x00000000     0xa292
 .debug_info    0x00000000      0x447 ./Project_Settings/Startup_Code/kinetis_sysinit.o
 .debug_info    0x00000447      0x12a ./Project_Settings/Startup_Code/__arm_start.o
 .debug_info    0x00000571       0x54 ./Project_Settings/Startup_Code/__arm_end.o
 .debug_info    0x000005c5      0x895 ./Sources/servo.o
 .debug_info    0x00000e5a      0xc30 ./Sources/pit.o
 .debug_info    0x00001a8a      0x844 ./Sources/motors.o
 .debug_info    0x000022ce      0xf8e ./Sources/mcg.o
 .debug_info    0x0000325c      0xacf ./Sources/main.o
 .debug_info    0x00003d2b      0x86e ./Sources/battery.o
 .debug_info    0x00004599      0x3cb ./Sources/arm_cm0.o
 .debug_info    0x00004964      0xcb0 ./Sources/adc.o
 .debug_info    0x00005614      0x809 ./Sources/UltraSonic.o
 .debug_info    0x00005e1d      0xd69 ./Sources/UART.o
 .debug_info    0x00006b86      0xb86 ./Sources/DistSens.o
 .debug_info    0x0000770c      0xba9 ./Sources/BoardSupport.o
 .debug_info    0x000082b5       0xe8 D:/Freescale/CW MCU v10.7/MCU/ARM_GCC_Support/ewl/lib/armv6-m\libc.a(exit.o)
 .debug_info    0x0000839d       0xec D:/Freescale/CW MCU v10.7/MCU/ARM_GCC_Support/ewl/lib/armv6-m\libc.a(memset.o)
 .debug_info    0x00008489      0x137 D:/Freescale/CW MCU v10.7/MCU/ARM_GCC_Support/ewl/lib/armv6-m\libc.a(__filll_mem.o)
 .debug_info    0x000085c0      0x50d D:/Freescale/CW MCU v10.7/MCU/ARM_GCC_Support/ewl/lib/armv6-m\libc.a(printformat_.o)
 .debug_info    0x00008acd      0x568 D:/Freescale/CW MCU v10.7/MCU/ARM_GCC_Support/ewl/lib/armv6-m\libc.a(scanformat_.o)
 .debug_info    0x00009035      0x313 D:/Freescale/CW MCU v10.7/MCU/ARM_GCC_Support/ewl/lib/armv6-m\libc.a(ctype_aeabi.o)
 .debug_info    0x00009348      0x1d6 D:/Freescale/CW MCU v10.7/MCU/ARM_GCC_Support/ewl/lib/armv6-m\libc.a(__strtoul.o)
 .debug_info    0x0000951e      0x10b D:/Freescale/CW MCU v10.7/MCU/ARM_GCC_Support/ewl/lib/armv6-m\libc.a(strchr.o)
 .debug_info    0x00009629      0x10f D:/Freescale/CW MCU v10.7/MCU/ARM_GCC_Support/ewl/lib/armv6-m\libc.a(memcpy.o)
 .debug_info    0x00009738       0xea D:/Freescale/CW MCU v10.7/MCU/ARM_GCC_Support/ewl/lib/armv6-m\libc.a(strlen.o)
 .debug_info    0x00009822      0x121 D:/Freescale/CW MCU v10.7/MCU/ARM_GCC_Support/ewl/lib/armv6-m\libc.a(memchr.o)
 .debug_info    0x00009943       0xc0 D:/Freescale/CW MCU v10.7/MCU/ARM_GCC_Support/ewl/lib/armv6-m\libm.a(fmax.o)
 .debug_info    0x00009a03      0x305 D:/Freescale/CW MCU v10.7/MCU/ARM_GCC_Support/ewl/lib/armv6-m\libm.a(math_api.o)
 .debug_info    0x00009d08      0x136 D:/Freescale/CW MCU v10.7/MCU/ARM_GCC_Support/ewl/lib/armv6-m\librt.a(gcc_ctor_dtor.o)
 .debug_info    0x00009e3e      0x2b9 D:/Freescale/CW MCU v10.7/MCU/ARM_GCC_Support/ewl/lib/armv6-m\librt.a(__arm_eabi_init.o)
 .debug_info    0x0000a0f7      0x19b D:/Freescale/CW MCU v10.7/MCU/ARM_GCC_Support/ewl/lib/armv6-m\librt.a(ROMCopy.o)

.debug_abbrev   0x00000000     0x1e7f
 .debug_abbrev  0x00000000       0xe7 ./Project_Settings/Startup_Code/kinetis_sysinit.o
 .debug_abbrev  0x000000e7       0x92 ./Project_Settings/Startup_Code/__arm_start.o
 .debug_abbrev  0x00000179       0x4c ./Project_Settings/Startup_Code/__arm_end.o
 .debug_abbrev  0x000001c5      0x111 ./Sources/servo.o
 .debug_abbrev  0x000002d6      0x157 ./Sources/pit.o
 .debug_abbrev  0x0000042d       0xdc ./Sources/motors.o
 .debug_abbrev  0x00000509      0x18d ./Sources/mcg.o
 .debug_abbrev  0x00000696      0x197 ./Sources/main.o
 .debug_abbrev  0x0000082d      0x128 ./Sources/battery.o
 .debug_abbrev  0x00000955      0x102 ./Sources/arm_cm0.o
 .debug_abbrev  0x00000a57      0x158 ./Sources/adc.o
 .debug_abbrev  0x00000baf      0x118 ./Sources/UltraSonic.o
 .debug_abbrev  0x00000cc7      0x1d8 ./Sources/UART.o
 .debug_abbrev  0x00000e9f      0x14a ./Sources/DistSens.o
 .debug_abbrev  0x00000fe9      0x127 ./Sources/BoardSupport.o
 .debug_abbrev  0x00001110       0x7a D:/Freescale/CW MCU v10.7/MCU/ARM_GCC_Support/ewl/lib/armv6-m\libc.a(exit.o)
 .debug_abbrev  0x0000118a       0x62 D:/Freescale/CW MCU v10.7/MCU/ARM_GCC_Support/ewl/lib/armv6-m\libc.a(memset.o)
 .debug_abbrev  0x000011ec       0x78 D:/Freescale/CW MCU v10.7/MCU/ARM_GCC_Support/ewl/lib/armv6-m\libc.a(__filll_mem.o)
 .debug_abbrev  0x00001264      0x200 D:/Freescale/CW MCU v10.7/MCU/ARM_GCC_Support/ewl/lib/armv6-m\libc.a(printformat_.o)
 .debug_abbrev  0x00001464      0x1f0 D:/Freescale/CW MCU v10.7/MCU/ARM_GCC_Support/ewl/lib/armv6-m\libc.a(scanformat_.o)
 .debug_abbrev  0x00001654       0x9e D:/Freescale/CW MCU v10.7/MCU/ARM_GCC_Support/ewl/lib/armv6-m\libc.a(ctype_aeabi.o)
 .debug_abbrev  0x000016f2       0xc2 D:/Freescale/CW MCU v10.7/MCU/ARM_GCC_Support/ewl/lib/armv6-m\libc.a(__strtoul.o)
 .debug_abbrev  0x000017b4       0x7a D:/Freescale/CW MCU v10.7/MCU/ARM_GCC_Support/ewl/lib/armv6-m\libc.a(strchr.o)
 .debug_abbrev  0x0000182e       0x95 D:/Freescale/CW MCU v10.7/MCU/ARM_GCC_Support/ewl/lib/armv6-m\libc.a(memcpy.o)
 .debug_abbrev  0x000018c3       0x7a D:/Freescale/CW MCU v10.7/MCU/ARM_GCC_Support/ewl/lib/armv6-m\libc.a(strlen.o)
 .debug_abbrev  0x0000193d       0x95 D:/Freescale/CW MCU v10.7/MCU/ARM_GCC_Support/ewl/lib/armv6-m\libc.a(memchr.o)
 .debug_abbrev  0x000019d2       0x59 D:/Freescale/CW MCU v10.7/MCU/ARM_GCC_Support/ewl/lib/armv6-m\libm.a(fmax.o)
 .debug_abbrev  0x00001a2b       0xe8 D:/Freescale/CW MCU v10.7/MCU/ARM_GCC_Support/ewl/lib/armv6-m\libm.a(math_api.o)
 .debug_abbrev  0x00001b13       0x99 D:/Freescale/CW MCU v10.7/MCU/ARM_GCC_Support/ewl/lib/armv6-m\librt.a(gcc_ctor_dtor.o)
 .debug_abbrev  0x00001bac      0x1b3 D:/Freescale/CW MCU v10.7/MCU/ARM_GCC_Support/ewl/lib/armv6-m\librt.a(__arm_eabi_init.o)
 .debug_abbrev  0x00001d5f      0x120 D:/Freescale/CW MCU v10.7/MCU/ARM_GCC_Support/ewl/lib/armv6-m\librt.a(ROMCopy.o)

.debug_loc      0x00000000     0x3f2e
 .debug_loc     0x00000000       0x58 ./Project_Settings/Startup_Code/kinetis_sysinit.o
 .debug_loc     0x00000058       0x2c ./Project_Settings/Startup_Code/__arm_start.o
 .debug_loc     0x00000084       0x38 ./Project_Settings/Startup_Code/__arm_end.o
 .debug_loc     0x000000bc      0x190 ./Sources/servo.o
 .debug_loc     0x0000024c       0x64 ./Sources/pit.o
 .debug_loc     0x000002b0       0x84 ./Sources/motors.o
 .debug_loc     0x00000334      0x64c ./Sources/mcg.o
 .debug_loc     0x00000980      0x300 ./Sources/main.o
 .debug_loc     0x00000c80       0x9c ./Sources/battery.o
 .debug_loc     0x00000d1c      0x138 ./Sources/arm_cm0.o
 .debug_loc     0x00000e54      0x158 ./Sources/adc.o
 .debug_loc     0x00000fac       0xe8 ./Sources/UltraSonic.o
 .debug_loc     0x00001094      0x1a8 ./Sources/UART.o
 .debug_loc     0x0000123c      0x244 ./Sources/DistSens.o
 .debug_loc     0x00001480       0x9c ./Sources/BoardSupport.o
 .debug_loc     0x0000151c       0x3e D:/Freescale/CW MCU v10.7/MCU/ARM_GCC_Support/ewl/lib/armv6-m\libc.a(exit.o)
 .debug_loc     0x0000155a       0x6f D:/Freescale/CW MCU v10.7/MCU/ARM_GCC_Support/ewl/lib/armv6-m\libc.a(memset.o)
 .debug_loc     0x000015c9      0x14a D:/Freescale/CW MCU v10.7/MCU/ARM_GCC_Support/ewl/lib/armv6-m\libc.a(__filll_mem.o)
 .debug_loc     0x00001713     0x104b D:/Freescale/CW MCU v10.7/MCU/ARM_GCC_Support/ewl/lib/armv6-m\libc.a(printformat_.o)
 .debug_loc     0x0000275e      0x9d8 D:/Freescale/CW MCU v10.7/MCU/ARM_GCC_Support/ewl/lib/armv6-m\libc.a(scanformat_.o)
 .debug_loc     0x00003136      0x30d D:/Freescale/CW MCU v10.7/MCU/ARM_GCC_Support/ewl/lib/armv6-m\libc.a(ctype_aeabi.o)
 .debug_loc     0x00003443      0x305 D:/Freescale/CW MCU v10.7/MCU/ARM_GCC_Support/ewl/lib/armv6-m\libc.a(__strtoul.o)
 .debug_loc     0x00003748       0xaf D:/Freescale/CW MCU v10.7/MCU/ARM_GCC_Support/ewl/lib/armv6-m\libc.a(strchr.o)
 .debug_loc     0x000037f7       0x59 D:/Freescale/CW MCU v10.7/MCU/ARM_GCC_Support/ewl/lib/armv6-m\libc.a(memcpy.o)
 .debug_loc     0x00003850       0x33 D:/Freescale/CW MCU v10.7/MCU/ARM_GCC_Support/ewl/lib/armv6-m\libc.a(strlen.o)
 .debug_loc     0x00003883       0x77 D:/Freescale/CW MCU v10.7/MCU/ARM_GCC_Support/ewl/lib/armv6-m\libc.a(memchr.o)
 .debug_loc     0x000038fa       0x50 D:/Freescale/CW MCU v10.7/MCU/ARM_GCC_Support/ewl/lib/armv6-m\libm.a(fmax.o)
 .debug_loc     0x0000394a      0x2d7 D:/Freescale/CW MCU v10.7/MCU/ARM_GCC_Support/ewl/lib/armv6-m\libm.a(math_api.o)
 .debug_loc     0x00003c21       0x9d D:/Freescale/CW MCU v10.7/MCU/ARM_GCC_Support/ewl/lib/armv6-m\librt.a(gcc_ctor_dtor.o)
 .debug_loc     0x00003cbe      0x197 D:/Freescale/CW MCU v10.7/MCU/ARM_GCC_Support/ewl/lib/armv6-m\librt.a(__arm_eabi_init.o)
 .debug_loc     0x00003e55       0xd9 D:/Freescale/CW MCU v10.7/MCU/ARM_GCC_Support/ewl/lib/armv6-m\librt.a(ROMCopy.o)

.debug_aranges  0x00000000      0x7b8
 .debug_aranges
                0x00000000       0x28 ./Project_Settings/Startup_Code/kinetis_sysinit.o
 .debug_aranges
                0x00000028       0x30 ./Project_Settings/Startup_Code/__arm_start.o
 .debug_aranges
                0x00000058       0x20 ./Project_Settings/Startup_Code/__arm_end.o
 .debug_aranges
                0x00000078       0x58 ./Sources/servo.o
 .debug_aranges
                0x000000d0       0x28 ./Sources/pit.o
 .debug_aranges
                0x000000f8       0x30 ./Sources/motors.o
 .debug_aranges
                0x00000128      0x100 ./Sources/mcg.o
 .debug_aranges
                0x00000228       0x90 ./Sources/main.o
 .debug_aranges
                0x000002b8       0x30 ./Sources/battery.o
 .debug_aranges
                0x000002e8       0x48 ./Sources/arm_cm0.o
 .debug_aranges
                0x00000330       0x50 ./Sources/adc.o
 .debug_aranges
                0x00000380       0x40 ./Sources/UltraSonic.o
 .debug_aranges
                0x000003c0       0x58 ./Sources/UART.o
 .debug_aranges
                0x00000418       0x70 ./Sources/DistSens.o
 .debug_aranges
                0x00000488       0x30 ./Sources/BoardSupport.o
 .debug_aranges
                0x000004b8       0x20 D:/Freescale/CW MCU v10.7/MCU/ARM_GCC_Support/ewl/lib/armv6-m\libc.a(exit.o)
 .debug_aranges
                0x000004d8       0x20 D:/Freescale/CW MCU v10.7/MCU/ARM_GCC_Support/ewl/lib/armv6-m\libc.a(memset.o)
 .debug_aranges
                0x000004f8       0x20 D:/Freescale/CW MCU v10.7/MCU/ARM_GCC_Support/ewl/lib/armv6-m\libc.a(__filll_mem.o)
 .debug_aranges
                0x00000518       0x28 D:/Freescale/CW MCU v10.7/MCU/ARM_GCC_Support/ewl/lib/armv6-m\libc.a(printformat_.o)
 .debug_aranges
                0x00000540       0x20 D:/Freescale/CW MCU v10.7/MCU/ARM_GCC_Support/ewl/lib/armv6-m\libc.a(scanformat_.o)
 .debug_aranges
                0x00000560       0x88 D:/Freescale/CW MCU v10.7/MCU/ARM_GCC_Support/ewl/lib/armv6-m\libc.a(ctype_aeabi.o)
 .debug_aranges
                0x000005e8       0x20 D:/Freescale/CW MCU v10.7/MCU/ARM_GCC_Support/ewl/lib/armv6-m\libc.a(__strtoul.o)
 .debug_aranges
                0x00000608       0x20 D:/Freescale/CW MCU v10.7/MCU/ARM_GCC_Support/ewl/lib/armv6-m\libc.a(strchr.o)
 .debug_aranges
                0x00000628       0x20 D:/Freescale/CW MCU v10.7/MCU/ARM_GCC_Support/ewl/lib/armv6-m\libc.a(memcpy.o)
 .debug_aranges
                0x00000648       0x20 D:/Freescale/CW MCU v10.7/MCU/ARM_GCC_Support/ewl/lib/armv6-m\libc.a(strlen.o)
 .debug_aranges
                0x00000668       0x20 D:/Freescale/CW MCU v10.7/MCU/ARM_GCC_Support/ewl/lib/armv6-m\libc.a(memchr.o)
 .debug_aranges
                0x00000688       0x20 D:/Freescale/CW MCU v10.7/MCU/ARM_GCC_Support/ewl/lib/armv6-m\libm.a(fmax.o)
 .debug_aranges
                0x000006a8       0x60 D:/Freescale/CW MCU v10.7/MCU/ARM_GCC_Support/ewl/lib/armv6-m\libm.a(math_api.o)
 .debug_aranges
                0x00000708       0x28 D:/Freescale/CW MCU v10.7/MCU/ARM_GCC_Support/ewl/lib/armv6-m\librt.a(gcc_ctor_dtor.o)
 .debug_aranges
                0x00000730       0x58 D:/Freescale/CW MCU v10.7/MCU/ARM_GCC_Support/ewl/lib/armv6-m\librt.a(__arm_eabi_init.o)
 .debug_aranges
                0x00000788       0x30 D:/Freescale/CW MCU v10.7/MCU/ARM_GCC_Support/ewl/lib/armv6-m\librt.a(ROMCopy.o)

.debug_macinfo  0x00000000   0x214ed2
 .debug_macinfo
                0x00000000    0x264f0 ./Project_Settings/Startup_Code/kinetis_sysinit.o
 .debug_macinfo
                0x000264f0     0x3e6d ./Project_Settings/Startup_Code/__arm_start.o
 .debug_macinfo
                0x0002a35d     0x3456 ./Project_Settings/Startup_Code/__arm_end.o
 .debug_macinfo
                0x0002d7b3    0x291f3 ./Sources/servo.o
 .debug_macinfo
                0x000569a6    0x290b8 ./Sources/pit.o
 .debug_macinfo
                0x0007fa5e    0x291da ./Sources/motors.o
 .debug_macinfo
                0x000a8c38    0x265cb ./Sources/mcg.o
 .debug_macinfo
                0x000cf203    0x290d4 ./Sources/main.o
 .debug_macinfo
                0x000f82d7    0x290b0 ./Sources/battery.o
 .debug_macinfo
                0x00121387    0x26567 ./Sources/arm_cm0.o
 .debug_macinfo
                0x001478ee    0x290b0 ./Sources/adc.o
 .debug_macinfo
                0x0017099e    0x290b4 ./Sources/UltraSonic.o
 .debug_macinfo
                0x00199a52    0x290dd ./Sources/UART.o
 .debug_macinfo
                0x001c2b2f    0x291c9 ./Sources/DistSens.o
 .debug_macinfo
                0x001ebcf8    0x291da ./Sources/BoardSupport.o

.debug_line     0x00000000     0x5138
 .debug_line    0x00000000      0x210 ./Project_Settings/Startup_Code/kinetis_sysinit.o
 .debug_line    0x00000210      0x293 ./Project_Settings/Startup_Code/__arm_start.o
 .debug_line    0x000004a3      0x266 ./Project_Settings/Startup_Code/__arm_end.o
 .debug_line    0x00000709      0x49c ./Sources/servo.o
 .debug_line    0x00000ba5      0x3f3 ./Sources/pit.o
 .debug_line    0x00000f98      0x3f8 ./Sources/motors.o
 .debug_line    0x00001390      0x99c ./Sources/mcg.o
 .debug_line    0x00001d2c      0x680 ./Sources/main.o
 .debug_line    0x000023ac      0x3fa ./Sources/battery.o
 .debug_line    0x000027a6      0x23f ./Sources/arm_cm0.o
 .debug_line    0x000029e5      0x48a ./Sources/adc.o
 .debug_line    0x00002e6f      0x463 ./Sources/UltraSonic.o
 .debug_line    0x000032d2      0x4c1 ./Sources/UART.o
 .debug_line    0x00003793      0x4cd ./Sources/DistSens.o
 .debug_line    0x00003c60      0x413 ./Sources/BoardSupport.o
 .debug_line    0x00004073       0x8d D:/Freescale/CW MCU v10.7/MCU/ARM_GCC_Support/ewl/lib/armv6-m\libc.a(exit.o)
 .debug_line    0x00004100       0x90 D:/Freescale/CW MCU v10.7/MCU/ARM_GCC_Support/ewl/lib/armv6-m\libc.a(memset.o)
 .debug_line    0x00004190       0xf6 D:/Freescale/CW MCU v10.7/MCU/ARM_GCC_Support/ewl/lib/armv6-m\libc.a(__filll_mem.o)
 .debug_line    0x00004286      0x2c3 D:/Freescale/CW MCU v10.7/MCU/ARM_GCC_Support/ewl/lib/armv6-m\libc.a(printformat_.o)
 .debug_line    0x00004549      0x2be D:/Freescale/CW MCU v10.7/MCU/ARM_GCC_Support/ewl/lib/armv6-m\libc.a(scanformat_.o)
 .debug_line    0x00004807      0x1be D:/Freescale/CW MCU v10.7/MCU/ARM_GCC_Support/ewl/lib/armv6-m\libc.a(ctype_aeabi.o)
 .debug_line    0x000049c5      0x11e D:/Freescale/CW MCU v10.7/MCU/ARM_GCC_Support/ewl/lib/armv6-m\libc.a(__strtoul.o)
 .debug_line    0x00004ae3       0x7d D:/Freescale/CW MCU v10.7/MCU/ARM_GCC_Support/ewl/lib/armv6-m\libc.a(strchr.o)
 .debug_line    0x00004b60       0x8b D:/Freescale/CW MCU v10.7/MCU/ARM_GCC_Support/ewl/lib/armv6-m\libc.a(memcpy.o)
 .debug_line    0x00004beb       0x85 D:/Freescale/CW MCU v10.7/MCU/ARM_GCC_Support/ewl/lib/armv6-m\libc.a(strlen.o)
 .debug_line    0x00004c70       0x9f D:/Freescale/CW MCU v10.7/MCU/ARM_GCC_Support/ewl/lib/armv6-m\libc.a(memchr.o)
 .debug_line    0x00004d0f       0x76 D:/Freescale/CW MCU v10.7/MCU/ARM_GCC_Support/ewl/lib/armv6-m\libm.a(fmax.o)
 .debug_line    0x00004d85      0x173 D:/Freescale/CW MCU v10.7/MCU/ARM_GCC_Support/ewl/lib/armv6-m\libm.a(math_api.o)
 .debug_line    0x00004ef8       0x6c D:/Freescale/CW MCU v10.7/MCU/ARM_GCC_Support/ewl/lib/armv6-m\librt.a(gcc_ctor_dtor.o)
 .debug_line    0x00004f64      0x117 D:/Freescale/CW MCU v10.7/MCU/ARM_GCC_Support/ewl/lib/armv6-m\librt.a(__arm_eabi_init.o)
 .debug_line    0x0000507b       0xbd D:/Freescale/CW MCU v10.7/MCU/ARM_GCC_Support/ewl/lib/armv6-m\librt.a(ROMCopy.o)

.debug_str      0x00000000     0x1c1b
 .debug_str     0x00000000      0x291 ./Project_Settings/Startup_Code/kinetis_sysinit.o
                                0x2b8 (size before relaxing)
 .debug_str     0x00000291       0x85 ./Project_Settings/Startup_Code/__arm_start.o
                                0x192 (size before relaxing)
 .debug_str     0x00000316       0x41 ./Project_Settings/Startup_Code/__arm_end.o
                                 0xc9 (size before relaxing)
 .debug_str     0x00000357      0x427 ./Sources/servo.o
                                0x577 (size before relaxing)
 .debug_str     0x0000077e      0x31b ./Sources/pit.o
                                0x853 (size before relaxing)
 .debug_str     0x00000a99       0x5b ./Sources/motors.o
                                0x533 (size before relaxing)
 .debug_str     0x00000af4      0x25d ./Sources/mcg.o
                                0x4cc (size before relaxing)
 .debug_str     0x00000d51      0x13a ./Sources/main.o
                                0x619 (size before relaxing)
 .debug_str     0x00000e8b       0x5c ./Sources/battery.o
                                0x531 (size before relaxing)
 .debug_str     0x00000ee7       0x9c ./Sources/arm_cm0.o
                                0x22a (size before relaxing)
 .debug_str     0x00000f83       0x65 ./Sources/adc.o
                                0x885 (size before relaxing)
 .debug_str     0x00000fe8       0x8b ./Sources/UltraSonic.o
                                0x531 (size before relaxing)
 .debug_str     0x00001073      0x104 ./Sources/UART.o
                                0x8cf (size before relaxing)
 .debug_str     0x00001177       0xed ./Sources/DistSens.o
                                0x6aa (size before relaxing)
 .debug_str     0x00001264       0x36 ./Sources/BoardSupport.o
                                0x83e (size before relaxing)
 .debug_str     0x0000129a       0x48 D:/Freescale/CW MCU v10.7/MCU/ARM_GCC_Support/ewl/lib/armv6-m\libc.a(exit.o)
                                0x157 (size before relaxing)
 .debug_str     0x000012e2       0x23 D:/Freescale/CW MCU v10.7/MCU/ARM_GCC_Support/ewl/lib/armv6-m\libc.a(memset.o)
                                0x140 (size before relaxing)
 .debug_str     0x00001305       0x2d D:/Freescale/CW MCU v10.7/MCU/ARM_GCC_Support/ewl/lib/armv6-m\libc.a(__filll_mem.o)
                                0x152 (size before relaxing)
 .debug_str     0x00001332      0x23c D:/Freescale/CW MCU v10.7/MCU/ARM_GCC_Support/ewl/lib/armv6-m\libc.a(printformat_.o)
                                0x3b3 (size before relaxing)
 .debug_str     0x0000156e      0x184 D:/Freescale/CW MCU v10.7/MCU/ARM_GCC_Support/ewl/lib/armv6-m\libc.a(scanformat_.o)
                                0x3f9 (size before relaxing)
 .debug_str     0x000016f2       0x9d D:/Freescale/CW MCU v10.7/MCU/ARM_GCC_Support/ewl/lib/armv6-m\libc.a(ctype_aeabi.o)
                                0x1bc (size before relaxing)
 .debug_str     0x0000178f       0x61 D:/Freescale/CW MCU v10.7/MCU/ARM_GCC_Support/ewl/lib/armv6-m\libc.a(__strtoul.o)
                                0x1fb (size before relaxing)
 .debug_str     0x000017f0       0x1c D:/Freescale/CW MCU v10.7/MCU/ARM_GCC_Support/ewl/lib/armv6-m\libc.a(strchr.o)
                                0x137 (size before relaxing)
 .debug_str     0x0000180c       0x1c D:/Freescale/CW MCU v10.7/MCU/ARM_GCC_Support/ewl/lib/armv6-m\libc.a(memcpy.o)
                                0x138 (size before relaxing)
 .debug_str     0x00001828       0x1c D:/Freescale/CW MCU v10.7/MCU/ARM_GCC_Support/ewl/lib/armv6-m\libc.a(strlen.o)
                                0x140 (size before relaxing)
 .debug_str     0x00001844       0x1c D:/Freescale/CW MCU v10.7/MCU/ARM_GCC_Support/ewl/lib/armv6-m\libc.a(memchr.o)
                                0x148 (size before relaxing)
 .debug_str     0x00001860       0x1b D:/Freescale/CW MCU v10.7/MCU/ARM_GCC_Support/ewl/lib/armv6-m\libm.a(fmax.o)
                                0x129 (size before relaxing)
 .debug_str     0x0000187b       0xee D:/Freescale/CW MCU v10.7/MCU/ARM_GCC_Support/ewl/lib/armv6-m\libm.a(math_api.o)
                                0x228 (size before relaxing)
 .debug_str     0x00001969      0x126 D:/Freescale/CW MCU v10.7/MCU/ARM_GCC_Support/ewl/lib/armv6-m\librt.a(gcc_ctor_dtor.o)
                                0x181 (size before relaxing)
 .debug_str     0x00001a8f       0xf8 D:/Freescale/CW MCU v10.7/MCU/ARM_GCC_Support/ewl/lib/armv6-m\librt.a(__arm_eabi_init.o)
                                0x1b5 (size before relaxing)
 .debug_str     0x00001b87       0x94 D:/Freescale/CW MCU v10.7/MCU/ARM_GCC_Support/ewl/lib/armv6-m\librt.a(ROMCopy.o)
                                0x13c (size before relaxing)

.comment        0x00000000       0x79
 .comment       0x00000000       0x79 ./Project_Settings/Startup_Code/kinetis_sysinit.o
                                 0x7a (size before relaxing)
 .comment       0x00000000       0x7a ./Project_Settings/Startup_Code/__arm_start.o
 .comment       0x00000000       0x7a ./Project_Settings/Startup_Code/__arm_end.o
 .comment       0x00000000       0x7a ./Sources/servo.o
 .comment       0x00000000       0x7a ./Sources/pit.o
 .comment       0x00000000       0x7a ./Sources/motors.o
 .comment       0x00000000       0x7a ./Sources/mcg.o
 .comment       0x00000000       0x7a ./Sources/main.o
 .comment       0x00000000       0x7a ./Sources/battery.o
 .comment       0x00000000       0x7a ./Sources/arm_cm0.o
 .comment       0x00000000       0x7a ./Sources/adc.o
 .comment       0x00000000       0x7a ./Sources/UltraSonic.o
 .comment       0x00000000       0x7a ./Sources/UART.o
 .comment       0x00000000       0x7a ./Sources/DistSens.o
 .comment       0x00000000       0x7a ./Sources/BoardSupport.o
 .comment       0x00000000       0x7a D:/Freescale/CW MCU v10.7/MCU/ARM_GCC_Support/ewl/lib/armv6-m\libc.a(exit.o)
 .comment       0x00000000       0x7a D:/Freescale/CW MCU v10.7/MCU/ARM_GCC_Support/ewl/lib/armv6-m\libc.a(memset.o)
 .comment       0x00000000       0x7a D:/Freescale/CW MCU v10.7/MCU/ARM_GCC_Support/ewl/lib/armv6-m\libc.a(__filll_mem.o)
 .comment       0x00000000       0x7a D:/Freescale/CW MCU v10.7/MCU/ARM_GCC_Support/ewl/lib/armv6-m\libc.a(printformat_.o)
 .comment       0x00000000       0x7a D:/Freescale/CW MCU v10.7/MCU/ARM_GCC_Support/ewl/lib/armv6-m\libc.a(scanformat_.o)
 .comment       0x00000000       0x7a D:/Freescale/CW MCU v10.7/MCU/ARM_GCC_Support/ewl/lib/armv6-m\libc.a(ctype_aeabi.o)
 .comment       0x00000000       0x7a D:/Freescale/CW MCU v10.7/MCU/ARM_GCC_Support/ewl/lib/armv6-m\libc.a(__strtoul.o)
 .comment       0x00000000       0x7a D:/Freescale/CW MCU v10.7/MCU/ARM_GCC_Support/ewl/lib/armv6-m\libc.a(strchr.o)
 .comment       0x00000000       0x7a D:/Freescale/CW MCU v10.7/MCU/ARM_GCC_Support/ewl/lib/armv6-m\libc.a(memcpy.o)
 .comment       0x00000000       0x7a D:/Freescale/CW MCU v10.7/MCU/ARM_GCC_Support/ewl/lib/armv6-m\libc.a(strlen.o)
 .comment       0x00000000       0x7a D:/Freescale/CW MCU v10.7/MCU/ARM_GCC_Support/ewl/lib/armv6-m\libc.a(memchr.o)
 .comment       0x00000000       0x7a D:/Freescale/CW MCU v10.7/MCU/ARM_GCC_Support/ewl/lib/armv6-m\libm.a(fmax.o)
 .comment       0x00000000       0x7a D:/Freescale/CW MCU v10.7/MCU/ARM_GCC_Support/ewl/lib/armv6-m\libm.a(math_api.o)
 .comment       0x00000000       0x7a D:/Freescale/CW MCU v10.7/MCU/ARM_GCC_Support/ewl/lib/armv6-m\librt.a(gcc_ctor_dtor.o)
 .comment       0x00000000       0x7a D:/Freescale/CW MCU v10.7/MCU/ARM_GCC_Support/ewl/lib/armv6-m\librt.a(__arm_eabi_init.o)
 .comment       0x00000000       0x7a D:/Freescale/CW MCU v10.7/MCU/ARM_GCC_Support/ewl/lib/armv6-m\librt.a(ROMCopy.o)

.debug_frame    0x00000000     0x171c
 .debug_frame   0x00000000       0x48 ./Project_Settings/Startup_Code/kinetis_sysinit.o
 .debug_frame   0x00000048       0x4c ./Project_Settings/Startup_Code/__arm_start.o
 .debug_frame   0x00000094       0x30 ./Project_Settings/Startup_Code/__arm_end.o
 .debug_frame   0x000000c4      0x100 ./Sources/servo.o
 .debug_frame   0x000001c4       0x50 ./Sources/pit.o
 .debug_frame   0x00000214       0x64 ./Sources/motors.o
 .debug_frame   0x00000278      0x3ac ./Sources/mcg.o
 .debug_frame   0x00000624      0x1f0 ./Sources/main.o
 .debug_frame   0x00000814       0x6c ./Sources/battery.o
 .debug_frame   0x00000880       0xc8 ./Sources/arm_cm0.o
 .debug_frame   0x00000948       0xe8 ./Sources/adc.o
 .debug_frame   0x00000a30       0xa8 ./Sources/UltraSonic.o
 .debug_frame   0x00000ad8      0x108 ./Sources/UART.o
 .debug_frame   0x00000be0      0x16c ./Sources/DistSens.o
 .debug_frame   0x00000d4c       0x6c ./Sources/BoardSupport.o
 .debug_frame   0x00000db8       0x2c D:/Freescale/CW MCU v10.7/MCU/ARM_GCC_Support/ewl/lib/armv6-m\libc.a(exit.o)
 .debug_frame   0x00000de4       0x28 D:/Freescale/CW MCU v10.7/MCU/ARM_GCC_Support/ewl/lib/armv6-m\libc.a(memset.o)
 .debug_frame   0x00000e0c       0x2c D:/Freescale/CW MCU v10.7/MCU/ARM_GCC_Support/ewl/lib/armv6-m\libc.a(__filll_mem.o)
 .debug_frame   0x00000e38       0x54 D:/Freescale/CW MCU v10.7/MCU/ARM_GCC_Support/ewl/lib/armv6-m\libc.a(printformat_.o)
 .debug_frame   0x00000e8c       0x34 D:/Freescale/CW MCU v10.7/MCU/ARM_GCC_Support/ewl/lib/armv6-m\libc.a(scanformat_.o)
 .debug_frame   0x00000ec0      0x158 D:/Freescale/CW MCU v10.7/MCU/ARM_GCC_Support/ewl/lib/armv6-m\libc.a(ctype_aeabi.o)
 .debug_frame   0x00001018       0x30 D:/Freescale/CW MCU v10.7/MCU/ARM_GCC_Support/ewl/lib/armv6-m\libc.a(__strtoul.o)
 .debug_frame   0x00001048       0x28 D:/Freescale/CW MCU v10.7/MCU/ARM_GCC_Support/ewl/lib/armv6-m\libc.a(strchr.o)
 .debug_frame   0x00001070       0x28 D:/Freescale/CW MCU v10.7/MCU/ARM_GCC_Support/ewl/lib/armv6-m\libc.a(memcpy.o)
 .debug_frame   0x00001098       0x28 D:/Freescale/CW MCU v10.7/MCU/ARM_GCC_Support/ewl/lib/armv6-m\libc.a(strlen.o)
 .debug_frame   0x000010c0       0x28 D:/Freescale/CW MCU v10.7/MCU/ARM_GCC_Support/ewl/lib/armv6-m\libc.a(memchr.o)
 .debug_frame   0x000010e8       0x30 D:/Freescale/CW MCU v10.7/MCU/ARM_GCC_Support/ewl/lib/armv6-m\libm.a(fmax.o)
 .debug_frame   0x00001118       0xe0 D:/Freescale/CW MCU v10.7/MCU/ARM_GCC_Support/ewl/lib/armv6-m\libm.a(math_api.o)
 .debug_frame   0x000011f8       0x20 d:/freescale/cw mcu v10.7/cross_tools/arm-none-eabi-gcc-4_7_3/bin/../lib/gcc/arm-none-eabi/4.7.3/armv6-m\libgcc.a(_udivsi3.o)
 .debug_frame   0x00001218       0x20 d:/freescale/cw mcu v10.7/cross_tools/arm-none-eabi-gcc-4_7_3/bin/../lib/gcc/arm-none-eabi/4.7.3/armv6-m\libgcc.a(_divsi3.o)
 .debug_frame   0x00001238       0x3c d:/freescale/cw mcu v10.7/cross_tools/arm-none-eabi-gcc-4_7_3/bin/../lib/gcc/arm-none-eabi/4.7.3/armv6-m\libgcc.a(divsf3.o)
 .debug_frame   0x00001274       0x2c d:/freescale/cw mcu v10.7/cross_tools/arm-none-eabi-gcc-4_7_3/bin/../lib/gcc/arm-none-eabi/4.7.3/armv6-m\libgcc.a(eqsf2.o)
 .debug_frame   0x000012a0       0x30 d:/freescale/cw mcu v10.7/cross_tools/arm-none-eabi-gcc-4_7_3/bin/../lib/gcc/arm-none-eabi/4.7.3/armv6-m\libgcc.a(gesf2.o)
 .debug_frame   0x000012d0       0x30 d:/freescale/cw mcu v10.7/cross_tools/arm-none-eabi-gcc-4_7_3/bin/../lib/gcc/arm-none-eabi/4.7.3/armv6-m\libgcc.a(lesf2.o)
 .debug_frame   0x00001300       0x30 d:/freescale/cw mcu v10.7/cross_tools/arm-none-eabi-gcc-4_7_3/bin/../lib/gcc/arm-none-eabi/4.7.3/armv6-m\libgcc.a(subsf3.o)
 .debug_frame   0x00001330       0x28 d:/freescale/cw mcu v10.7/cross_tools/arm-none-eabi-gcc-4_7_3/bin/../lib/gcc/arm-none-eabi/4.7.3/armv6-m\libgcc.a(fixsfsi.o)
 .debug_frame   0x00001358       0x2c d:/freescale/cw mcu v10.7/cross_tools/arm-none-eabi-gcc-4_7_3/bin/../lib/gcc/arm-none-eabi/4.7.3/armv6-m\libgcc.a(floatsisf.o)
 .debug_frame   0x00001384       0x3c d:/freescale/cw mcu v10.7/cross_tools/arm-none-eabi-gcc-4_7_3/bin/../lib/gcc/arm-none-eabi/4.7.3/armv6-m\libgcc.a(adddf3.o)
 .debug_frame   0x000013c0       0x3c d:/freescale/cw mcu v10.7/cross_tools/arm-none-eabi-gcc-4_7_3/bin/../lib/gcc/arm-none-eabi/4.7.3/armv6-m\libgcc.a(divdf3.o)
 .debug_frame   0x000013fc       0x34 d:/freescale/cw mcu v10.7/cross_tools/arm-none-eabi-gcc-4_7_3/bin/../lib/gcc/arm-none-eabi/4.7.3/armv6-m\libgcc.a(eqdf2.o)
 .debug_frame   0x00001430       0x38 d:/freescale/cw mcu v10.7/cross_tools/arm-none-eabi-gcc-4_7_3/bin/../lib/gcc/arm-none-eabi/4.7.3/armv6-m\libgcc.a(gedf2.o)
 .debug_frame   0x00001468       0x38 d:/freescale/cw mcu v10.7/cross_tools/arm-none-eabi-gcc-4_7_3/bin/../lib/gcc/arm-none-eabi/4.7.3/armv6-m\libgcc.a(ledf2.o)
 .debug_frame   0x000014a0       0x3c d:/freescale/cw mcu v10.7/cross_tools/arm-none-eabi-gcc-4_7_3/bin/../lib/gcc/arm-none-eabi/4.7.3/armv6-m\libgcc.a(muldf3.o)
 .debug_frame   0x000014dc       0x38 d:/freescale/cw mcu v10.7/cross_tools/arm-none-eabi-gcc-4_7_3/bin/../lib/gcc/arm-none-eabi/4.7.3/armv6-m\libgcc.a(subdf3.o)
 .debug_frame   0x00001514       0x2c d:/freescale/cw mcu v10.7/cross_tools/arm-none-eabi-gcc-4_7_3/bin/../lib/gcc/arm-none-eabi/4.7.3/armv6-m\libgcc.a(fixdfsi.o)
 .debug_frame   0x00001540       0x30 d:/freescale/cw mcu v10.7/cross_tools/arm-none-eabi-gcc-4_7_3/bin/../lib/gcc/arm-none-eabi/4.7.3/armv6-m\libgcc.a(floatsidf.o)
 .debug_frame   0x00001570       0x2c d:/freescale/cw mcu v10.7/cross_tools/arm-none-eabi-gcc-4_7_3/bin/../lib/gcc/arm-none-eabi/4.7.3/armv6-m\libgcc.a(extendsfdf2.o)
 .debug_frame   0x0000159c       0x30 d:/freescale/cw mcu v10.7/cross_tools/arm-none-eabi-gcc-4_7_3/bin/../lib/gcc/arm-none-eabi/4.7.3/armv6-m\libgcc.a(truncdfsf2.o)
 .debug_frame   0x000015cc       0x40 D:/Freescale/CW MCU v10.7/MCU/ARM_GCC_Support/ewl/lib/armv6-m\librt.a(gcc_ctor_dtor.o)
 .debug_frame   0x0000160c       0xbc D:/Freescale/CW MCU v10.7/MCU/ARM_GCC_Support/ewl/lib/armv6-m\librt.a(__arm_eabi_init.o)
 .debug_frame   0x000016c8       0x54 D:/Freescale/CW MCU v10.7/MCU/ARM_GCC_Support/ewl/lib/armv6-m\librt.a(ROMCopy.o)
